---
source: crates/forge_treesitter/src/parser.rs
expression: blocks
---
[
    Block {
        kind: Constant,
        path: "./test.rs",
        snippet: "const DATA: &'static str = \"test\";",
        offset: Offset {
            start: 13,
            end: 47,
        },
    },
    Block {
        kind: Struct,
        path: "./test.rs",
        snippet: "/// Represents user information\n            /// in the system\n            struct User {\n                name: String,\n                age: u32,\n            }",
        offset: Offset {
            start: 60,
            end: 217,
        },
    },
    Block {
        kind: Enum,
        path: "./test.rs",
        snippet: "/// type of status supported by system\n            enum Status {\n                Active,\n                Inactive,\n                Pending,\n            }",
        offset: Offset {
            start: 243,
            end: 396,
        },
    },
    Block {
        kind: Function,
        path: "./test.rs",
        snippet: "/// returns the status reference\n                pub fn status(&self) -> &Status {\n                    self\n                }",
        offset: Offset {
            start: 452,
            end: 577,
        },
    },
    Block {
        kind: Function,
        path: "./test.rs",
        snippet: "#[test]\n            /// process user in test env.\n            fn process_user(user: &User) -> Status {\n                if user.age > 18 {\n                    Status::Active\n                } else {\n                    Status::Pending\n                }\n            }",
        offset: Offset {
            start: 605,
            end: 870,
        },
    },
]
