---
source: crates/forge_services/src/tools/task_list.rs
expression: result
---
<task_list_result>
<message>Task 0 marked as done. No more pending tasks.</message>
<stats>
<total_tasks>1</total_tasks>
<done_tasks>1</done_tasks>
<pending_tasks>0</pending_tasks>
<in_progress_tasks>0</in_progress_tasks>
</stats>
</task_list_result>
