---
source: crates/forge_services/src/tools/fs/fs_find.rs
expression: "normalize_path(&TempDir::normalize(&result))"
---
---
path: [TEMP_DIR]
regex: test
file_pattern: *.txt
total_chars: 40201
start_char: 0
end_char: 40000
temp_file: [TEMP_DIR]
---
[TEMP_DIR]/file.txt:1:This is file with searchable test content
[TEMP_DIR]/file.txt:2:This is file with searchable test content
[TEMP_DIR]/file.txt:3:This is file with searchable test content
[TEMP_DIR]/file.txt:4:This is file with searchable test content
[TEMP_DIR]/file.txt:5:This is file with searchable test content
[TEMP_DIR]/file.txt:6:This is file with searchable test content
[TEMP_DIR]/file.txt:7:This is file with searchable test content
[TEMP_DIR]/file.txt:8:This is file with searchable test content
[TEMP_DIR]/file.txt:9:This is file with searchable test content
[TEMP_DIR]/file.txt:10:This is file with searchable test content
[TEMP_DIR]/file.txt:11:This is file with searchable test content
[TEMP_DIR]/file.txt:12:This is file with searchable test content
[TEMP_DIR]/file.txt:13:This is file with searchable test content
[TEMP_DIR]/file.txt:14:This is file with searchable test content
[TEMP_DIR]/file.txt:15:This is file with searchable test content
[TEMP_DIR]/file.txt:16:This is file with searchable test content
[TEMP_DIR]/file.txt:17:This is file with searchable test content
[TEMP_DIR]/file.txt:18:This is file with searchable test content
[TEMP_DIR]/file.txt:19:This is file with searchable test content
[TEMP_DIR]/file.txt:20:This is file with searchable test content
[TEMP_DIR]/file.txt:21:This is file with searchable test content
[TEMP_DIR]/file.txt:22:This is file with searchable test content
[TEMP_DIR]/file.txt:23:This is file with searchable test content
[TEMP_DIR]/file.txt:24:This is file with searchable test content
[TEMP_DIR]/file.txt:25:This is file with searchable test content
[TEMP_DIR]/file.txt:26:This is file with searchable test content
[TEMP_DIR]/file.txt:27:This is file with searchable test content
[TEMP_DIR]/file.txt:28:This is file with searchable test content
[TEMP_DIR]/file.txt:29:This is file with searchable test content
[TEMP_DIR]/file.txt:30:This is file with searchable test content
[TEMP_DIR]/file.txt:31:This is file with searchable test content
[TEMP_DIR]/file.txt:32:This is file with searchable test content
[TEMP_DIR]/file.txt:33:This is file with searchable test content
[TEMP_DIR]/file.txt:34:This is file with searchable test content
[TEMP_DIR]/file.txt:35:This is file with searchable test content
[TEMP_DIR]/file.txt:36:This is file with searchable test content
[TEMP_DIR]/file.txt:37:This is file with searchable test content
[TEMP_DIR]/file.txt:38:This is file with searchable test content
[TEMP_DIR]/file.txt:39:This is file with searchable test content
[TEMP_DIR]/file.txt:40:This is file with searchable test content
[TEMP_DIR]/file.txt:41:This is file with searchable test content
[TEMP_DIR]/file.txt:42:This is file with searchable test content
[TEMP_DIR]/file.txt:43:This is file with searchable test content
[TEMP_DIR]/file.txt:44:This is file with searchable test content
[TEMP_DIR]/file.txt:45:This is file with searchable test content
[TEMP_DIR]/file.txt:46:This is file with searchable test content
[TEMP_DIR]/file.txt:47:This is file with searchable test content
[TEMP_DIR]/file.txt:48:This is file with searchable test content
[TEMP_DIR]/file.txt:49:This is file with searchable test content
[TEMP_DIR]/file.txt:50:This is file with searchable test content
[TEMP_DIR]/file.txt:51:This is file with searchable test content
[TEMP_DIR]/file.txt:52:This is file with searchable test content
[TEMP_DIR]/file.txt:53:This is file with searchable test content
[TEMP_DIR]/file.txt:54:This is file with searchable test content
[TEMP_DIR]/file.txt:55:This is file with searchable test content
[TEMP_DIR]/file.txt:56:This is file with searchable test content
[TEMP_DIR]/file.txt:57:This is file with searchable test content
[TEMP_DIR]/file.txt:58:This is file with searchable test content
[TEMP_DIR]/file.txt:59:This is file with searchable test content
[TEMP_DIR]/file.txt:60:This is file with searchable test content
[TEMP_DIR]/file.txt:61:This is file with searchable test content
[TEMP_DIR]/file.txt:62:This is file with searchable test content
[TEMP_DIR]/file.txt:63:This is file with searchable test content
[TEMP_DIR]/file.txt:64:This is file with searchable test content
[TEMP_DIR]/file.txt:65:This is file with searchable test content
[TEMP_DIR]/file.txt:66:This is file with searchable test content
[TEMP_DIR]/file.txt:67:This is file with searchable test content
[TEMP_DIR]/file.txt:68:This is file with searchable test content
[TEMP_DIR]/file.txt:69:This is file with searchable test content
[TEMP_DIR]/file.txt:70:This is file with searchable test content
[TEMP_DIR]/file.txt:71:This is file with searchable test content
[TEMP_DIR]/file.txt:72:This is file with searchable test content
[TEMP_DIR]/file.txt:73:This is file with searchable test content
[TEMP_DIR]/file.txt:74:This is file with searchable test content
[TEMP_DIR]/file.txt:75:This is file with searchable test content
[TEMP_DIR]/file.txt:76:This is file with searchable test content
[TEMP_DIR]/file.txt:77:This is file with searchable test content
[TEMP_DIR]/file.txt:78:This is file with searchable test content
[TEMP_DIR]/file.txt:79:This is file with searchable test content
[TEMP_DIR]/file.txt:80:This is file with searchable test content
[TEMP_DIR]/file.txt:81:This is file with searchable test content
[TEMP_DIR]/file.txt:82:This is file with searchable test content
[TEMP_DIR]/file.txt:83:This is file with searchable test content
[TEMP_DIR]/file.txt:84:This is file with searchable test content
[TEMP_DIR]/file.txt:85:This is file with searchable test content
[TEMP_DIR]/file.txt:86:This is file with searchable test content
[TEMP_DIR]/file.txt:87:This is file with searchable test content
[TEMP_DIR]/file.txt:88:This is file with searchable test content
[TEMP_DIR]/file.txt:89:This is file with searchable test content
[TEMP_DIR]/file.txt:90:This is file with searchable test content
[TEMP_DIR]/file.txt:91:This is file with searchable test content
[TEMP_DIR]/file.txt:92:This is file with searchable test content
[TEMP_DIR]/file.txt:93:This is file with searchable test content
[TEMP_DIR]/file.txt:94:This is file with searchable test content
[TEMP_DIR]/file.txt:95:This is file with searchable test content
[TEMP_DIR]/file.txt:96:This is file with searchable test content
[TEMP_DIR]/file.txt:97:This is file with searchable test content
[TEMP_DIR]/file.txt:98:This is file with searchable test content
[TEMP_DIR]/file.txt:99:This is file with searchable test content
[TEMP_DIR]/file.txt:100:This is file with searchable test content
[TEMP_DIR]/file.txt:101:This is file with searchable test content
[TEMP_DIR]/file.txt:102:This is file with searchable test content
[TEMP_DIR]/file.txt:103:This is file with searchable test content
[TEMP_DIR]/file.txt:104:This is file with searchable test content
[TEMP_DIR]/file.txt:105:This is file with searchable test content
[TEMP_DIR]/file.txt:106:This is file with searchable test content
[TEMP_DIR]/file.txt:107:This is file with searchable test content
[TEMP_DIR]/file.txt:108:This is file with searchable test content
[TEMP_DIR]/file.txt:109:This is file with searchable test content
[TEMP_DIR]/file.txt:110:This is file with searchable test content
[TEMP_DIR]/file.txt:111:This is file with searchable test content
[TEMP_DIR]/file.txt:112:This is file with searchable test content
[TEMP_DIR]/file.txt:113:This is file with searchable test content
[TEMP_DIR]/file.txt:114:This is file with searchable test content
[TEMP_DIR]/file.txt:115:This is file with searchable test content
[TEMP_DIR]/file.txt:116:This is file with searchable test content
[TEMP_DIR]/file.txt:117:This is file with searchable test content
[TEMP_DIR]/file.txt:118:This is file with searchable test content
[TEMP_DIR]/file.txt:119:This is file with searchable test content
[TEMP_DIR]/file.txt:120:This is file with searchable test content
[TEMP_DIR]/file.txt:121:This is file with searchable test content
[TEMP_DIR]/file.txt:122:This is file with searchable test content
[TEMP_DIR]/file.txt:123:This is file with searchable test content
[TEMP_DIR]/file.txt:124:This is file with searchable test content
[TEMP_DIR]/file.txt:125:This is file with searchable test content
[TEMP_DIR]/file.txt:126:This is file with searchable test content
[TEMP_DIR]/file.txt:127:This is file with searchable test content
[TEMP_DIR]/file.txt:128:This is file with searchable test content
[TEMP_DIR]/file.txt:129:This is file with searchable test content
[TEMP_DIR]/file.txt:130:This is file with searchable test content
[TEMP_DIR]/file.txt:131:This is file with searchable test content
[TEMP_DIR]/file.txt:132:This is file with searchable test content
[TEMP_DIR]/file.txt:133:This is file with searchable test content
[TEMP_DIR]/file.txt:134:This is file with searchable test content
[TEMP_DIR]/file.txt:135:This is file with searchable test content
[TEMP_DIR]/file.txt:136:This is file with searchable test content
[TEMP_DIR]/file.txt:137:This is file with searchable test content
[TEMP_DIR]/file.txt:138:This is file with searchable test content
[TEMP_DIR]/file.txt:139:This is file with searchable test content
[TEMP_DIR]/file.txt:140:This is file with searchable test content
[TEMP_DIR]/file.txt:141:This is file with searchable test content
[TEMP_DIR]/file.txt:142:This is file with searchable test content
[TEMP_DIR]/file.txt:143:This is file with searchable test content
[TEMP_DIR]/file.txt:144:This is file with searchable test content
[TEMP_DIR]/file.txt:145:This is file with searchable test content
[TEMP_DIR]/file.txt:146:This is file with searchable test content
[TEMP_DIR]/file.txt:147:This is file with searchable test content
[TEMP_DIR]/file.txt:148:This is file with searchable test content
[TEMP_DIR]/file.txt:149:This is file with searchable test content
[TEMP_DIR]/file.txt:150:This is file with searchable test content
[TEMP_DIR]/file.txt:151:This is file with searchable test content
[TEMP_DIR]/file.txt:152:This is file with searchable test content
[TEMP_DIR]/file.txt:153:This is file with searchable test content
[TEMP_DIR]/file.txt:154:This is file with searchable test content
[TEMP_DIR]/file.txt:155:This is file with searchable test content
[TEMP_DIR]/file.txt:156:This is file with searchable test content
[TEMP_DIR]/file.txt:157:This is file with searchable test content
[TEMP_DIR]/file.txt:158:This is file with searchable test content
[TEMP_DIR]/file.txt:159:This is file with searchable test content
[TEMP_DIR]/file.txt:160:This is file with searchable test content
[TEMP_DIR]/file.txt:161:This is file with searchable test content
[TEMP_DIR]/file.txt:162:This is file with searchable test content
[TEMP_DIR]/file.txt:163:This is file with searchable test content
[TEMP_DIR]/file.txt:164:This is file with searchable test content
[TEMP_DIR]/file.txt:165:This is file with searchable test content
[TEMP_DIR]/file.txt:166:This is file with searchable test content
[TEMP_DIR]/file.txt:167:This is file with searchable test content
[TEMP_DIR]/file.txt:168:This is file with searchable test content
[TEMP_DIR]/file.txt:169:This is file with searchable test content
[TEMP_DIR]/file.txt:170:This is file with searchable test content
[TEMP_DIR]/file.txt:171:This is file with searchable test content
[TEMP_DIR]/file.txt:172:This is file with searchable test content
[TEMP_DIR]/file.txt:173:This is file with searchable test content
[TEMP_DIR]/file.txt:174:This is file with searchable test content
[TEMP_DIR]/file.txt:175:This is file with searchable test content
[TEMP_DIR]/file.txt:176:This is file with searchable test content
[TEMP_DIR]/file.txt:177:This is file with searchable test content
[TEMP_DIR]/file.txt:178:This is file with searchable test content
[TEMP_DIR]/file.txt:179:This is file with searchable test content
[TEMP_DIR]/file.txt:180:This is file with searchable test content
[TEMP_DIR]/file.txt:181:This is file with searchable test content
[TEMP_DIR]/file.txt:182:This is file with searchable test content
[TEMP_DIR]/file.txt:183:This is file with searchable test content
[TEMP_DIR]/file.txt:184:This is file with searchable test content
[TEMP_DIR]/file.txt:185:This is file with searchable test content
[TEMP_DIR]/file.txt:186:This is file with searchable test content
[TEMP_DIR]/file.txt:187:This is file with searchable test content
[TEMP_DIR]/file.txt:188:This is file with searchable test content
[TEMP_DIR]/file.txt:189:This is file with searchable test content
[TEMP_DIR]/file.txt:190:This is file with searchable test content
[TEMP_DIR]/file.txt:191:This is file with searchable test content
[TEMP_DIR]/file.txt:192:This is file with searchable test content
[TEMP_DIR]/file.txt:193:This is file with searchable test content
[TEMP_DIR]/file.txt:194:This is file with searchable test content
[TEMP_DIR]/file.txt:195:This is file with searchable test content
[TEMP_DIR]/file.txt:196:This is file with searchable test content
[TEMP_DIR]/file.txt:197:This is file with searchable test content
[TEMP_DIR]/file.txt:198:This is file with searchable test content
[TEMP_DIR]/file.txt:199:This is file with searchable test content
[TEMP_DIR]/file.txt:200:This is file with searchable test content
[TEMP_DIR]/file.txt:201:This is file with searchable test content
[TEMP_DIR]/file.txt:202:This is file with searchable test content
[TEMP_DIR]/file.txt:203:This is file with searchable test content
[TEMP_DIR]/file.txt:204:This is file with searchable test content
[TEMP_DIR]/file.txt:205:This is file with searchable test content
[TEMP_DIR]/file.txt:206:This is file with searchable test content
[TEMP_DIR]/file.txt:207:This is file with searchable test content
[TEMP_DIR]/file.txt:208:This is file with searchable test content
[TEMP_DIR]/file.txt:209:This is file with searchable test content
[TEMP_DIR]/file.txt:210:This is file with searchable test content
[TEMP_DIR]/file.txt:211:This is file with searchable test content
[TEMP_DIR]/file.txt:212:This is file with searchable test content
[TEMP_DIR]/file.txt:213:This is file with searchable test content
[TEMP_DIR]/file.txt:214:This is file with searchable test content
[TEMP_DIR]/file.txt:215:This is file with searchable test content
[TEMP_DIR]/file.txt:216:This is file with searchable test content
[TEMP_DIR]/file.txt:217:This is file with searchable test content
[TEMP_DIR]/file.txt:218:This is file with searchable test content
[TEMP_DIR]/file.txt:219:This is file with searchable test content
[TEMP_DIR]/file.txt:220:This is file with searchable test content
[TEMP_DIR]/file.txt:221:This is file with searchable test content
[TEMP_DIR]/file.txt:222:This is file with searchable test content
[TEMP_DIR]/file.txt:223:This is file with searchable test content
[TEMP_DIR]/file.txt:224:This is file with searchable test content
[TEMP_DIR]/file.txt:225:This is file with searchable test content
[TEMP_DIR]/file.txt:226:This is file with searchable test content
[TEMP_DIR]/file.txt:227:This is file with searchable test content
[TEMP_DIR]/file.txt:228:This is file with searchable test content
[TEMP_DIR]/file.txt:229:This is file with searchable test content
[TEMP_DIR]/file.txt:230:This is file with searchable test content
[TEMP_DIR]/file.txt:231:This is file with searchable test content
[TEMP_DIR]/file.txt:232:This is file with searchable test content
[TEMP_DIR]/file.txt:233:This is file with searchable test content
[TEMP_DIR]/file.txt:234:This is file with searchable test content
[TEMP_DIR]/file.txt:235:This is file with searchable test content
[TEMP_DIR]/file.txt:236:This is file with searchable test content
[TEMP_DIR]/file.txt:237:This is file with searchable test content
[TEMP_DIR]/file.txt:238:This is file with searchable test content
[TEMP_DIR]/file.txt:239:This is file with searchable test content
[TEMP_DIR]/file.txt:240:This is file with searchable test content
[TEMP_DIR]/file.txt:241:This is file with searchable test content
[TEMP_DIR]/file.txt:242:This is file with searchable test content
[TEMP_DIR]/file.txt:243:This is file with searchable test content
[TEMP_DIR]/file.txt:244:This is file with searchable test content
[TEMP_DIR]/file.txt:245:This is file with searchable test content
[TEMP_DIR]/file.txt:246:This is file with searchable test content
[TEMP_DIR]/file.txt:247:This is file with searchable test content
[TEMP_DIR]/file.txt:248:This is file with searchable test content
[TEMP_DIR]/file.txt:249:This is file with searchable test content
[TEMP_DIR]/file.txt:250:This is file with searchable test content
[TEMP_DIR]/file.txt:251:This is file with searchable test content
[TEMP_DIR]/file.txt:252:This is file with searchable test content
[TEMP_DIR]/file.txt:253:This is file with searchable test content
[TEMP_DIR]/file.txt:254:This is file with searchable test content
[TEMP_DIR]/file.txt:255:This is file with searchable test content
[TEMP_DIR]/file.txt:256:This is file with searchable test content
[TEMP_DIR]/file.txt:257:This is file with searchable test content
[TEMP_DIR]/file.txt:258:This is file with searchable test content
[TEMP_DIR]/file.txt:259:This is file with searchable test content
[TEMP_DIR]/file.txt:260:This is file with searchable test content
[TEMP_DIR]/file.txt:261:This is file with searchable test content
[TEMP_DIR]/file.txt:262:This is file with searchable test content
[TEMP_DIR]/file.txt:263:This is file with searchable test content
[TEMP_DIR]/file.txt:264:This is file with searchable test content
[TEMP_DIR]/file.txt:265:This is file with searchable test content
[TEMP_DIR]/file.txt:266:This is file with searchable test content
[TEMP_DIR]/file.txt:267:This is file with searchable test content
[TEMP_DIR]/file.txt:268:This is file with searchable test content
[TEMP_DIR]/file.txt:269:This is file with searchable test content
[TEMP_DIR]/file.txt:270:This is file with searchable test content
[TEMP_DIR]/file.txt:271:This is file with searchable test content
[TEMP_DIR]/file.txt:272:This is file with searchable test content
[TEMP_DIR]/file.txt:273:This is file with searchable test content
[TEMP_DIR]/file.txt:274:This is file with searchable test content
[TEMP_DIR]/file.txt:275:This is file with searchable test content
[TEMP_DIR]/file.txt:276:This is file with searchable test content
[TEMP_DIR]/file.txt:277:This is file with searchable test content
[TEMP_DIR]/file.txt:278:This is file with searchable test content
[TEMP_DIR]/file.txt:279:This is file with searchable test content
[TEMP_DIR]/file.txt:280:This is file with searchable test content
[TEMP_DIR]/file.txt:281:This is file with searchable test content
[TEMP_DIR]/file.txt:282:This is file with searchable test content
[TEMP_DIR]/file.txt:283:This is file with searchable test content
[TEMP_DIR]/file.txt:284:This is file with searchable test content
[TEMP_DIR]/file.txt:285:This is file with searchable test content
[TEMP_DIR]/file.txt:286:This is file with searchable test content
[TEMP_DIR]/file.txt:287:This is file with searchable test content
[TEMP_DIR]/file.txt:288:This is file with searchable test content
[TEMP_DIR]
<truncation>content is truncated to 40000 chars, remaining content can be read from path:[TEMP_DIR]</truncation>
