---
source: crates/forge_services/src/tools/fs/fs_find.rs
expression: "normalize_path(&TempDir::normalize(&result))"
---
---
path: [TEMP_DIR]
regex: test
file_pattern: *.txt
total_chars: 280899
start_char: 0
end_char: 40000
[TEMP_DIR]
---
[TEMP_DIR]/file_0.txt:1:This is file with searchable test content
[TEMP_DIR]/file_0.txt:2:This is file with searchable test content
[TEMP_DIR]/file_0.txt:3:This is file with searchable test content
[TEMP_DIR]/file_0.txt:4:This is file with searchable test content
[TEMP_DIR]/file_0.txt:5:This is file with searchable test content
[TEMP_DIR]/file_0.txt:6:This is file with searchable test content
[TEMP_DIR]/file_0.txt:7:This is file with searchable test content
[TEMP_DIR]/file_0.txt:8:This is file with searchable test content
[TEMP_DIR]/file_0.txt:9:This is file with searchable test content
[TEMP_DIR]/file_0.txt:10:This is file with searchable test content
[TEMP_DIR]/file_0.txt:11:This is file with searchable test content
[TEMP_DIR]/file_0.txt:12:This is file with searchable test content
[TEMP_DIR]/file_0.txt:13:This is file with searchable test content
[TEMP_DIR]/file_0.txt:14:This is file with searchable test content
[TEMP_DIR]/file_0.txt:15:This is file with searchable test content
[TEMP_DIR]/file_0.txt:16:This is file with searchable test content
[TEMP_DIR]/file_0.txt:17:This is file with searchable test content
[TEMP_DIR]/file_0.txt:18:This is file with searchable test content
[TEMP_DIR]/file_0.txt:19:This is file with searchable test content
[TEMP_DIR]/file_0.txt:20:This is file with searchable test content
[TEMP_DIR]/file_1.txt:1:This is file with searchable test content
[TEMP_DIR]/file_1.txt:2:This is file with searchable test content
[TEMP_DIR]/file_1.txt:3:This is file with searchable test content
[TEMP_DIR]/file_1.txt:4:This is file with searchable test content
[TEMP_DIR]/file_1.txt:5:This is file with searchable test content
[TEMP_DIR]/file_1.txt:6:This is file with searchable test content
[TEMP_DIR]/file_1.txt:7:This is file with searchable test content
[TEMP_DIR]/file_1.txt:8:This is file with searchable test content
[TEMP_DIR]/file_1.txt:9:This is file with searchable test content
[TEMP_DIR]/file_1.txt:10:This is file with searchable test content
[TEMP_DIR]/file_1.txt:11:This is file with searchable test content
[TEMP_DIR]/file_1.txt:12:This is file with searchable test content
[TEMP_DIR]/file_1.txt:13:This is file with searchable test content
[TEMP_DIR]/file_1.txt:14:This is file with searchable test content
[TEMP_DIR]/file_1.txt:15:This is file with searchable test content
[TEMP_DIR]/file_1.txt:16:This is file with searchable test content
[TEMP_DIR]/file_1.txt:17:This is file with searchable test content
[TEMP_DIR]/file_1.txt:18:This is file with searchable test content
[TEMP_DIR]/file_1.txt:19:This is file with searchable test content
[TEMP_DIR]/file_1.txt:20:This is file with searchable test content
[TEMP_DIR]/file_10.txt:1:This is file with searchable test content
[TEMP_DIR]/file_10.txt:2:This is file with searchable test content
[TEMP_DIR]/file_10.txt:3:This is file with searchable test content
[TEMP_DIR]/file_10.txt:4:This is file with searchable test content
[TEMP_DIR]/file_10.txt:5:This is file with searchable test content
[TEMP_DIR]/file_10.txt:6:This is file with searchable test content
[TEMP_DIR]/file_10.txt:7:This is file with searchable test content
[TEMP_DIR]/file_10.txt:8:This is file with searchable test content
[TEMP_DIR]/file_10.txt:9:This is file with searchable test content
[TEMP_DIR]/file_10.txt:10:This is file with searchable test content
[TEMP_DIR]/file_10.txt:11:This is file with searchable test content
[TEMP_DIR]/file_10.txt:12:This is file with searchable test content
[TEMP_DIR]/file_10.txt:13:This is file with searchable test content
[TEMP_DIR]/file_10.txt:14:This is file with searchable test content
[TEMP_DIR]/file_10.txt:15:This is file with searchable test content
[TEMP_DIR]/file_10.txt:16:This is file with searchable test content
[TEMP_DIR]/file_10.txt:17:This is file with searchable test content
[TEMP_DIR]/file_10.txt:18:This is file with searchable test content
[TEMP_DIR]/file_10.txt:19:This is file with searchable test content
[TEMP_DIR]/file_10.txt:20:This is file with searchable test content
[TEMP_DIR]/file_11.txt:1:This is file with searchable test content
[TEMP_DIR]/file_11.txt:2:This is file with searchable test content
[TEMP_DIR]/file_11.txt:3:This is file with searchable test content
[TEMP_DIR]/file_11.txt:4:This is file with searchable test content
[TEMP_DIR]/file_11.txt:5:This is file with searchable test content
[TEMP_DIR]/file_11.txt:6:This is file with searchable test content
[TEMP_DIR]/file_11.txt:7:This is file with searchable test content
[TEMP_DIR]/file_11.txt:8:This is file with searchable test content
[TEMP_DIR]/file_11.txt:9:This is file with searchable test content
[TEMP_DIR]/file_11.txt:10:This is file with searchable test content
[TEMP_DIR]/file_11.txt:11:This is file with searchable test content
[TEMP_DIR]/file_11.txt:12:This is file with searchable test content
[TEMP_DIR]/file_11.txt:13:This is file with searchable test content
[TEMP_DIR]/file_11.txt:14:This is file with searchable test content
[TEMP_DIR]/file_11.txt:15:This is file with searchable test content
[TEMP_DIR]/file_11.txt:16:This is file with searchable test content
[TEMP_DIR]/file_11.txt:17:This is file with searchable test content
[TEMP_DIR]/file_11.txt:18:This is file with searchable test content
[TEMP_DIR]/file_11.txt:19:This is file with searchable test content
[TEMP_DIR]/file_11.txt:20:This is file with searchable test content
[TEMP_DIR]/file_12.txt:1:This is file with searchable test content
[TEMP_DIR]/file_12.txt:2:This is file with searchable test content
[TEMP_DIR]/file_12.txt:3:This is file with searchable test content
[TEMP_DIR]/file_12.txt:4:This is file with searchable test content
[TEMP_DIR]/file_12.txt:5:This is file with searchable test content
[TEMP_DIR]/file_12.txt:6:This is file with searchable test content
[TEMP_DIR]/file_12.txt:7:This is file with searchable test content
[TEMP_DIR]/file_12.txt:8:This is file with searchable test content
[TEMP_DIR]/file_12.txt:9:This is file with searchable test content
[TEMP_DIR]/file_12.txt:10:This is file with searchable test content
[TEMP_DIR]/file_12.txt:11:This is file with searchable test content
[TEMP_DIR]/file_12.txt:12:This is file with searchable test content
[TEMP_DIR]/file_12.txt:13:This is file with searchable test content
[TEMP_DIR]/file_12.txt:14:This is file with searchable test content
[TEMP_DIR]/file_12.txt:15:This is file with searchable test content
[TEMP_DIR]/file_12.txt:16:This is file with searchable test content
[TEMP_DIR]/file_12.txt:17:This is file with searchable test content
[TEMP_DIR]/file_12.txt:18:This is file with searchable test content
[TEMP_DIR]/file_12.txt:19:This is file with searchable test content
[TEMP_DIR]/file_12.txt:20:This is file with searchable test content
[TEMP_DIR]/file_13.txt:1:This is file with searchable test content
[TEMP_DIR]/file_13.txt:2:This is file with searchable test content
[TEMP_DIR]/file_13.txt:3:This is file with searchable test content
[TEMP_DIR]/file_13.txt:4:This is file with searchable test content
[TEMP_DIR]/file_13.txt:5:This is file with searchable test content
[TEMP_DIR]/file_13.txt:6:This is file with searchable test content
[TEMP_DIR]/file_13.txt:7:This is file with searchable test content
[TEMP_DIR]/file_13.txt:8:This is file with searchable test content
[TEMP_DIR]/file_13.txt:9:This is file with searchable test content
[TEMP_DIR]/file_13.txt:10:This is file with searchable test content
[TEMP_DIR]/file_13.txt:11:This is file with searchable test content
[TEMP_DIR]/file_13.txt:12:This is file with searchable test content
[TEMP_DIR]/file_13.txt:13:This is file with searchable test content
[TEMP_DIR]/file_13.txt:14:This is file with searchable test content
[TEMP_DIR]/file_13.txt:15:This is file with searchable test content
[TEMP_DIR]/file_13.txt:16:This is file with searchable test content
[TEMP_DIR]/file_13.txt:17:This is file with searchable test content
[TEMP_DIR]/file_13.txt:18:This is file with searchable test content
[TEMP_DIR]/file_13.txt:19:This is file with searchable test content
[TEMP_DIR]/file_13.txt:20:This is file with searchable test content
[TEMP_DIR]/file_14.txt:1:This is file with searchable test content
[TEMP_DIR]/file_14.txt:2:This is file with searchable test content
[TEMP_DIR]/file_14.txt:3:This is file with searchable test content
[TEMP_DIR]/file_14.txt:4:This is file with searchable test content
[TEMP_DIR]/file_14.txt:5:This is file with searchable test content
[TEMP_DIR]/file_14.txt:6:This is file with searchable test content
[TEMP_DIR]/file_14.txt:7:This is file with searchable test content
[TEMP_DIR]/file_14.txt:8:This is file with searchable test content
[TEMP_DIR]/file_14.txt:9:This is file with searchable test content
[TEMP_DIR]/file_14.txt:10:This is file with searchable test content
[TEMP_DIR]/file_14.txt:11:This is file with searchable test content
[TEMP_DIR]/file_14.txt:12:This is file with searchable test content
[TEMP_DIR]/file_14.txt:13:This is file with searchable test content
[TEMP_DIR]/file_14.txt:14:This is file with searchable test content
[TEMP_DIR]/file_14.txt:15:This is file with searchable test content
[TEMP_DIR]/file_14.txt:16:This is file with searchable test content
[TEMP_DIR]/file_14.txt:17:This is file with searchable test content
[TEMP_DIR]/file_14.txt:18:This is file with searchable test content
[TEMP_DIR]/file_14.txt:19:This is file with searchable test content
[TEMP_DIR]/file_14.txt:20:This is file with searchable test content
[TEMP_DIR]/file_15.txt:1:This is file with searchable test content
[TEMP_DIR]/file_15.txt:2:This is file with searchable test content
[TEMP_DIR]/file_15.txt:3:This is file with searchable test content
[TEMP_DIR]/file_15.txt:4:This is file with searchable test content
[TEMP_DIR]/file_15.txt:5:This is file with searchable test content
[TEMP_DIR]/file_15.txt:6:This is file with searchable test content
[TEMP_DIR]/file_15.txt:7:This is file with searchable test content
[TEMP_DIR]/file_15.txt:8:This is file with searchable test content
[TEMP_DIR]/file_15.txt:9:This is file with searchable test content
[TEMP_DIR]/file_15.txt:10:This is file with searchable test content
[TEMP_DIR]/file_15.txt:11:This is file with searchable test content
[TEMP_DIR]/file_15.txt:12:This is file with searchable test content
[TEMP_DIR]/file_15.txt:13:This is file with searchable test content
[TEMP_DIR]/file_15.txt:14:This is file with searchable test content
[TEMP_DIR]/file_15.txt:15:This is file with searchable test content
[TEMP_DIR]/file_15.txt:16:This is file with searchable test content
[TEMP_DIR]/file_15.txt:17:This is file with searchable test content
[TEMP_DIR]/file_15.txt:18:This is file with searchable test content
[TEMP_DIR]/file_15.txt:19:This is file with searchable test content
[TEMP_DIR]/file_15.txt:20:This is file with searchable test content
[TEMP_DIR]/file_16.txt:1:This is file with searchable test content
[TEMP_DIR]/file_16.txt:2:This is file with searchable test content
[TEMP_DIR]/file_16.txt:3:This is file with searchable test content
[TEMP_DIR]/file_16.txt:4:This is file with searchable test content
[TEMP_DIR]/file_16.txt:5:This is file with searchable test content
[TEMP_DIR]/file_16.txt:6:This is file with searchable test content
[TEMP_DIR]/file_16.txt:7:This is file with searchable test content
[TEMP_DIR]/file_16.txt:8:This is file with searchable test content
[TEMP_DIR]/file_16.txt:9:This is file with searchable test content
[TEMP_DIR]/file_16.txt:10:This is file with searchable test content
[TEMP_DIR]/file_16.txt:11:This is file with searchable test content
[TEMP_DIR]/file_16.txt:12:This is file with searchable test content
[TEMP_DIR]/file_16.txt:13:This is file with searchable test content
[TEMP_DIR]/file_16.txt:14:This is file with searchable test content
[TEMP_DIR]/file_16.txt:15:This is file with searchable test content
[TEMP_DIR]/file_16.txt:16:This is file with searchable test content
[TEMP_DIR]/file_16.txt:17:This is file with searchable test content
[TEMP_DIR]/file_16.txt:18:This is file with searchable test content
[TEMP_DIR]/file_16.txt:19:This is file with searchable test content
[TEMP_DIR]/file_16.txt:20:This is file with searchable test content
[TEMP_DIR]/file_17.txt:1:This is file with searchable test content
[TEMP_DIR]/file_17.txt:2:This is file with searchable test content
[TEMP_DIR]/file_17.txt:3:This is file with searchable test content
[TEMP_DIR]/file_17.txt:4:This is file with searchable test content
[TEMP_DIR]/file_17.txt:5:This is file with searchable test content
[TEMP_DIR]/file_17.txt:6:This is file with searchable test content
[TEMP_DIR]/file_17.txt:7:This is file with searchable test content
[TEMP_DIR]/file_17.txt:8:This is file with searchable test content
[TEMP_DIR]/file_17.txt:9:This is file with searchable test content
[TEMP_DIR]/file_17.txt:10:This is file with searchable test content
[TEMP_DIR]/file_17.txt:11:This is file with searchable test content
[TEMP_DIR]/file_17.txt:12:This is file with searchable test content
[TEMP_DIR]/file_17.txt:13:This is file with searchable test content
[TEMP_DIR]/file_17.txt:14:This is file with searchable test content
[TEMP_DIR]/file_17.txt:15:This is file with searchable test content
[TEMP_DIR]/file_17.txt:16:This is file with searchable test content
[TEMP_DIR]/file_17.txt:17:This is file with searchable test content
[TEMP_DIR]/file_17.txt:18:This is file with searchable test content
[TEMP_DIR]/file_17.txt:19:This is file with searchable test content
[TEMP_DIR]/file_17.txt:20:This is file with searchable test content
[TEMP_DIR]/file_18.txt:1:This is file with searchable test content
[TEMP_DIR]/file_18.txt:2:This is file with searchable test content
[TEMP_DIR]/file_18.txt:3:This is file with searchable test content
[TEMP_DIR]/file_18.txt:4:This is file with searchable test content
[TEMP_DIR]/file_18.txt:5:This is file with searchable test content
[TEMP_DIR]/file_18.txt:6:This is file with searchable test content
[TEMP_DIR]/file_18.txt:7:This is file with searchable test content
[TEMP_DIR]/file_18.txt:8:This is file with searchable test content
[TEMP_DIR]/file_18.txt:9:This is file with searchable test content
[TEMP_DIR]/file_18.txt:10:This is file with searchable test content
[TEMP_DIR]/file_18.txt:11:This is file with searchable test content
[TEMP_DIR]/file_18.txt:12:This is file with searchable test content
[TEMP_DIR]/file_18.txt:13:This is file with searchable test content
[TEMP_DIR]/file_18.txt:14:This is file with searchable test content
[TEMP_DIR]/file_18.txt:15:This is file with searchable test content
[TEMP_DIR]/file_18.txt:16:This is file with searchable test content
[TEMP_DIR]/file_18.txt:17:This is file with searchable test content
[TEMP_DIR]/file_18.txt:18:This is file with searchable test content
[TEMP_DIR]/file_18.txt:19:This is file with searchable test content
[TEMP_DIR]/file_18.txt:20:This is file with searchable test content
[TEMP_DIR]/file_19.txt:1:This is file with searchable test content
[TEMP_DIR]/file_19.txt:2:This is file with searchable test content
[TEMP_DIR]/file_19.txt:3:This is file with searchable test content
[TEMP_DIR]/file_19.txt:4:This is file with searchable test content
[TEMP_DIR]/file_19.txt:5:This is file with searchable test content
[TEMP_DIR]/file_19.txt:6:This is file with searchable test content
[TEMP_DIR]/file_19.txt:7:This is file with searchable test content
[TEMP_DIR]/file_19.txt:8:This is file with searchable test content
[TEMP_DIR]/file_19.txt:9:This is file with searchable test content
[TEMP_DIR]/file_19.txt:10:This is file with searchable test content
[TEMP_DIR]/file_19.txt:11:This is file with searchable test content
[TEMP_DIR]/file_19.txt:12:This is file with searchable test content
[TEMP_DIR]/file_19.txt:13:This is file with searchable test content
[TEMP_DIR]/file_19.txt:14:This is file with searchable test content
[TEMP_DIR]/file_19.txt:15:This is file with searchable test content
[TEMP_DIR]/file_19.txt:16:This is file with searchable test content
[TEMP_DIR]/file_19.txt:17:This is file with searchable test content
[TEMP_DIR]/file_19.txt:18:This is file with searchable test content
[TEMP_DIR]/file_19.txt:19:This is file with searchable test content
[TEMP_DIR]/file_19.txt:20:This is file with searchable test content
[TEMP_DIR]/file_2.txt:1:This is file with searchable test content
[TEMP_DIR]/file_2.txt:2:This is file with searchable test content
[TEMP_DIR]/file_2.txt:3:This is file with searchable test content
[TEMP_DIR]/file_2.txt:4:This is file with searchable test content
[TEMP_DIR]/file_2.txt:5:This is file with searchable test content
[TEMP_DIR]/file_2.txt:6:This is file with searchable test content
[TEMP_DIR]/file_2.txt:7:This is file with searchable test content
[TEMP_DIR]/file_2.txt:8:This is file with searchable test content
[TEMP_DIR]/file_2.txt:9:This is file with searchable test content
[TEMP_DIR]/file_2.txt:10:This is file with searchable test content
[TEMP_DIR]/file_2.txt:11:This is file with searchable test content
[TEMP_DIR]/file_2.txt:12:This is file with searchable test content
[TEMP_DIR]/file_2.txt:13:This is file with searchable test content
[TEMP_DIR]/file_2.txt:14:This is file with searchable test content
[TEMP_DIR]/file_2.txt:15:This is file with searchable test content
[TEMP_DIR]/file_2.txt:16:This is file with searchable test content
[TEMP_DIR]/file_2.txt:17:This is file with searchable test content
[TEMP_DIR]/file_2.txt:18:This is file with searchable test content
[TEMP_DIR]/file_2.txt:19:This is file with searchable test content
[TEMP_DIR]/file_2.txt:20:This is file with searchable test content
[TEMP_DIR]/file_20.txt:1:This is file with searchable test content
[TEMP_DIR]/file_20.txt:2:This is file with searchable test content
[TEMP_DIR]/file_20.txt:3:This is file with searchable test content
[TEMP_DIR]/file_20.txt:4:This is file with searchable test content
[TEMP_DIR]/file_20.txt:5:This is file with searchable test content
[TEMP_DIR]/file_20.txt:6:This is file with searchable test content
[TEMP_DIR]/file_20.txt:7:This is file with searchable test content
[TEMP_DIR]/file_20.txt:8:This is file with searchable test content
[TEMP_DIR]/file_20.txt:9:This is file with searchable test content
[TEMP_DIR]/file_20.txt:10:This is file with searchable test content
[TEMP_DIR]/file_20.txt:11:This is file with searchable test content
[TEMP_DIR]/file_20.txt:12:This is file with searchable test content
[TEMP_DIR]/file_20.txt:13:This is file with searchable test content
[TEMP_DIR]/file_20.txt:14:This is file with searchable test content
[TEMP_DIR]/file_20.txt:15:This is file with searchable test content
[TEMP_DIR]/file_20.txt:16:This is file with searchable test content
[TEMP_DIR]/file_20.txt:17:This is file with searchable test content
[TEMP_DIR]/file_20.txt:18:This is file with searchable test content
[TEMP_DIR]/file_20.txt:19:This is file with searchable test content
[TEMP_DIR]/file_20.txt:20:This is file with searchable test content
[TEMP_DIR]/file_21.txt:1:This is file with searchable test content
[TEMP_DIR]/file_21.txt:2:This is file with searchable test content
[TEMP_DIR]/file_21.txt:3:This is file with searchable test content
[TEMP_DIR]/file_21.txt:4:This is file with searchable test content
[TEMP_DIR]/file_21.txt:5:This is file with searchable test content
/priva
<truncation>content is truncated to 40000 chars, remaining content can be read from [TEMP_DIR]</truncation>
