---
source: crates/forge_app/src/service/tool_service.rs
expression: result
---
<tool_result><tool_name>nonexistent_tool</tool_name><success>No tool with name 'nonexistent_tool' was found. Please try again with one of these tools failure_tool, long_failure_tool, long_success_tool, success_tool</success></tool_result>
