---
source: crates/forge_treesitter/src/rust/parser.rs
expression: blocks
---
[
    Block {
        kind: Constant,
        path: "./test.rs",
        snippet: "const DATA: &'static str = \"test\";",
        scope: None,
        span: Span {
            start: Location {
                line: 1,
                column: 12,
            },
            end: Location {
                line: 1,
                column: 46,
            },
        },
        offset: Offset {
            start: 13,
            end: 47,
        },
    },
    Block {
        kind: Struct,
        path: "./test.rs",
        snippet: "struct User {\n                name: String,\n                age: u32,\n            }",
        scope: None,
        span: Span {
            start: Location {
                line: 2,
                column: 12,
            },
            end: Location {
                line: 5,
                column: 13,
            },
        },
        offset: Offset {
            start: 60,
            end: 143,
        },
    },
    Block {
        kind: Enum,
        path: "./test.rs",
        snippet: "enum Status {\n                Active,\n                Inactive,\n                Pending,\n            }",
        scope: None,
        span: Span {
            start: Location {
                line: 7,
                column: 12,
            },
            end: Location {
                line: 11,
                column: 13,
            },
        },
        offset: Offset {
            start: 169,
            end: 271,
        },
    },
    Block {
        kind: Function,
        path: "./test.rs",
        snippet: "pub fn status(&self) -> &Status {\n                    self\n                }",
        scope: None,
        span: Span {
            start: Location {
                line: 14,
                column: 16,
            },
            end: Location {
                line: 16,
                column: 17,
            },
        },
        offset: Offset {
            start: 327,
            end: 403,
        },
    },
    Block {
        kind: Function,
        path: "./test.rs",
        snippet: "fn process_user(user: &User) -> Status {\n                if user.age > 18 {\n                    Status::Active\n                } else {\n                    Status::Pending\n                }\n            }",
        scope: None,
        span: Span {
            start: Location {
                line: 20,
                column: 12,
            },
            end: Location {
                line: 26,
                column: 13,
            },
        },
        offset: Offset {
            start: 451,
            end: 654,
        },
    },
]
