---
source: crates/forge_repomap/src/repo_map.rs
expression: context
---
src/ranking.rs:
│mod tests
│struct EdgeWeight
│struct PageRank
│struct PageRankConfig
│struct SymbolReference
│fn Default
│fn Some
│fn abs
│fn add_edge
│fn add_node
│fn all
│fn and_then
│fn assert
│fn assert_eq
│method base_weight
│method calculate
│fn clone
│fn collect
│method default
│fn edges_directed
│fn filter_map
│fn get
│method has_converged
│fn insert
│fn into_iter
│fn iter
│fn ln
│fn map
│fn max
│method new
│fn next
│fn node_count
│fn node_indices
│fn node_weight
│fn source
│fn sum
│fn test_page_rank_simple_graph
│fn test_page_rank_with_personalization
│fn test_reference_count_weight
│fn test_symbol_weights
│fn to_string
│fn unwrap
│fn unwrap_or
│fn values
│fn weight


src/graph.rs:
│mod tests
│struct DependencyGraph
│fn Some
│fn add_edge
│method add_node
│method add_symbol_reference
│fn assert
│fn assert_eq
│fn base_weight
│fn calculate
│method calculate_importance
│fn clone
│fn contains
│fn edge_references
│fn edge_weight
│fn edge_weight_mut
│fn entry
│fn find_edge
│fn fold
│fn get
│fn insert
│fn iter
│fn map
│fn max
│method new
│fn node_count
│fn node_indices
│fn node_weight
│fn or_insert
│fn push
│fn source
│fn sum
│fn target
│fn test_add_symbol_reference
│fn test_focused_importance
│fn test_symbol_reference_importance
│fn to_path_buf
│fn to_string
│fn unwrap
│fn unwrap_or
│fn values
│fn values_mut
│fn weight
│method with_page_rank_config


src/repo_map.rs:
│mod tests
│struct RepoMap
│struct SourceFile
│fn Ok
│fn add_symbol_reference
│fn and_then
│method append_file_context
│fn as_deref
│fn as_path
│fn assert
│fn assert_eq
│fn assert_snapshot
│fn build
│method build_dependency_graph
│fn calculate_importance
│fn clone
│fn cloned
│fn cmp
│fn collect
│fn contains
│fn display
│fn env
│fn extension
│fn filter
│fn format
│fn get
│method get_context
│fn insert
│fn is_empty
│method is_supported_file
│fn iter
│fn join
│fn keys
│fn len
│fn map
│fn map_err
│fn matches
│method new
│fn next_entry
│fn parse_file
│fn partial_cmp
│fn path
│method process_file
│method process_file_content
│method process_files
│fn push_str
│fn replace
│fn sort
│fn sort_by
│fn strip_prefix
│fn test_cross_file_references
│fn test_directory_context_snapshot
│fn test_process_multiple_files
│fn test_process_single_file
│fn test_unsupported_file_type
│fn then_with
│fn to_path_buf
│fn to_str
│fn to_string
│fn to_string_lossy
│fn to_vec
│fn tokenize
│fn unwrap
│fn unwrap_or
│fn values
│fn vec
│method with_page_rank_config


src/symbol.rs:
│mod tests
│struct Location
│struct Symbol
│fn Some
│method add_reference
│fn assert
│fn assert_eq
│method base_weight
│fn clone
│method fmt
│fn is_some
│fn len
│fn ln
│fn max
│method new
│fn push
│method recalculate_importance
│fn test_importance_calculation
│fn test_symbol_weights
│fn test_symbol_with_signature
│fn to_string
│method with_signature
│fn write
│class SymbolKind


src/error.rs:
│class Error


src/lib.rs:
│mod error
│mod graph
│mod parser
│mod ranking
│mod repo_map
│mod symbol


src/parser.rs:
│mod tests
│struct Parser
│fn Err
│fn Ok
│fn Some
│fn add_reference
│fn and_then
│fn as_bytes
│fn as_ref
│fn assert
│fn assert_eq
│fn capture_names
│fn clone
│fn collect
│method detect_language
│fn end_position
│fn entry
│fn expect
│fn extension
│fn find
│fn format
│fn get
│fn get_language
│fn get_mut
│fn include_str
│fn insert
│fn into
│fn into_values
│fn iter
│fn language_c
│fn language_cpp
│fn language_csharp
│fn language_go
│fn language_java
│fn language_javascript
│fn language_php
│fn language_python
│fn language_ruby
│fn language_rust
│fn language_typescript
│fn len
│method load_query
│fn map_err
│fn matches
│method new
│fn next
│fn ok_or_else
│fn parse
│method parse_file
│fn root_node
│fn set_language
│fn start_position
│fn starts_with
│fn test_parse_method
│fn test_parse_references
│fn to_path_buf
│fn to_str
│fn to_string
│fn utf8_text
