---
source: crates/forge_repomap/src/repo_map.rs
expression: context
snapshot_kind: text
---
src/symbol.rs:
│mod tests
│class Location
│class SymbolKind
│class Symbol
│method base_weight
│fn base_weight
│method fmt
│fn fmt
│method new
│fn new
│method with_signature
│fn with_signature
│method add_reference
│fn add_reference
│method recalculate_importance
│fn recalculate_importance
│method test_symbol_weights
│fn test_symbol_weights
│method test_importance_calculation
│fn test_importance_calculation
│method test_symbol_with_signature
│fn test_symbol_with_signature


src/parser.rs:
│class Parser
│fn language_rust
│fn language_javascript
│fn language_python
│fn language_typescript
│fn language_c
│fn language_cpp
│fn language_csharp
│fn language_java
│fn language_go
│fn language_ruby
│fn language_php
│method new
│fn new
│method load_query
│fn load_query
│method parse_file
│fn parse_file
│method detect_language
│fn detect_language
│method create_symbol
│fn create_symbol
│fn get_language


src/error.rs:
│class Error


src/graph.rs:
│mod tests
│class DependencyGraph
│method new
│fn new
│method with_page_rank_config
│fn with_page_rank_config
│method add_node
│fn add_node
│method add_symbol_reference
│fn add_symbol_reference
│method calculate_importance
│fn calculate_importance
│method get_dependent_files
│fn get_dependent_files
│method test_add_symbol_reference
│fn test_add_symbol_reference
│method test_focused_importance
│fn test_focused_importance


src/lib.rs:
│mod error
│mod graph
│mod parser
│mod ranking
│mod repo_map
│mod symbol


src/ranking.rs:
│mod tests
│class PageRankConfig
│class EdgeWeight
│class SymbolReference
│class PageRank
│method default
│fn default
│method default
│fn default
│method base_weight
│fn base_weight
│method new
│fn new
│method calculate
│fn calculate
│method has_converged
│fn has_converged
│method test_page_rank_simple_graph
│fn test_page_rank_simple_graph
│method test_page_rank_with_personalization
│fn test_page_rank_with_personalization
│method test_symbol_weights
│fn test_symbol_weights
│method test_reference_count_weight
│fn test_reference_count_weight


src/repo_map.rs:
│mod tests
│class RepoMap
│class SourceFile
│method new
│fn new
│method with_page_rank_config
│fn with_page_rank_config
│method process_files
│fn process_files
│method process_file
│fn process_file
│method is_supported_file
│fn is_supported_file
│method process_file_content
│fn process_file_content
│method build_dependency_graph
│fn build_dependency_graph
│method get_context
│fn get_context
│method append_file_context
│fn append_file_context
│method test_process_single_file
│fn test_process_single_file
│method test_process_multiple_files
│fn test_process_multiple_files
│method test_unsupported_file_type
│fn test_unsupported_file_type
│method test_directory_context_snapshot
│fn test_directory_context_snapshot
