---
source: crates/forge_repomap/src/tests.rs
expression: "format!(\"{:#?}\", paths)"
---
[
    "Cargo.toml",
    "README.md",
    "src/analyser.rs",
    "src/error.rs",
    "src/file/errors.rs",
    "src/file/git.rs",
    "src/file/mod.rs",
    "src/graph.rs",
    "src/helpers.rs",
    "src/lang/README.md",
    "src/lang/tree-sitter-c-tags.scm",
    "src/lang/tree-sitter-c_sharp-tags.scm",
    "src/lang/tree-sitter-cpp-tags.scm",
    "src/lang/tree-sitter-dart-tags.scm",
    "src/lang/tree-sitter-elisp-tags.scm",
    "src/lang/tree-sitter-elixir-tags.scm",
    "src/lang/tree-sitter-elm-tags.scm",
    "src/lang/tree-sitter-go-tags.scm",
    "src/lang/tree-sitter-java-tags.scm",
    "src/lang/tree-sitter-javascript-tags.scm",
    "src/lang/tree-sitter-kotlin-tags.scm",
    "src/lang/tree-sitter-ocaml-tags.scm",
    "src/lang/tree-sitter-php-tags.scm",
    "src/lang/tree-sitter-python-tags.scm",
    "src/lang/tree-sitter-ql-tags.scm",
    "src/lang/tree-sitter-ruby-tags.scm",
    "src/lang/tree-sitter-rust-tags.scm",
    "src/lang/tree-sitter-typescript-tags.scm",
    "src/lib.rs",
    "src/snapshots/forge_repomap__tests__git_tests__git_walker_reads_files.snap",
    "src/snapshots/forge_repomap__tests__repomap_tests__create_repomap_for_self.snap",
    "src/snapshots/forge_repomap__tests__tests__git_walker_reads_files.snap",
    "src/symbol.rs",
    "src/tests.rs",
    "src/tree_context.rs",
    "src/tree_walker.rs",
    "src/types.rs",
]
