---
source: crates/forge_app/src/tools/patch/apply_json.rs
expression: test
snapshot_kind: text
---
PatchTest {
    initial: "Hello World",
    operations: [
        PatchOperation {
            search: "World",
            operation: Replace,
            content: "Forge",
        },
        PatchOperation {
            search: "",
            operation: Replace,
            content: " bar",
        },
        PatchOperation {
            search: "foo",
            operation: Replace,
            content: "baz",
        },
        PatchOperation {
            search: "Hello",
            operation: Replace,
            content: "Hi",
        },
        PatchOperation {
            search: "Hello",
            operation: Replace,
            content: "你好",
        },
        PatchOperation {
            search: "World",
            operation: Replace,
            content: "🌍",
        },
        PatchOperation {
            search: "Hello",
            operation: Prepend,
            content: "    ",
        },
        PatchOperation {
            search: "World",
            operation: Append,
            content: "\n  New line",
        },
        PatchOperation {
            search: "Hello",
            operation: Prepend,
            content: "Greetings, ",
        },
        PatchOperation {
            search: "World",
            operation: Append,
            content: "!",
        },
        PatchOperation {
            search: "Hello",
            operation: Swap,
            content: "World",
        },
        PatchOperation {
            search: "",
            operation: Prepend,
            content: "Start: ",
        },
        PatchOperation {
            search: "",
            operation: Append,
            content: " End",
        },
        PatchOperation {
            search: "",
            operation: Replace,
            content: "Completely New Content",
        },
    ],
    results: [
        Ok(
            "Hello Forge",
        ),
        Ok(
            " bar",
        ),
        Err(
            "Could not find match for search text: foo",
        ),
        Err(
            "Could not find match for search text: Hello",
        ),
        Err(
            "Could not find match for search text: Hello",
        ),
        Err(
            "Could not find match for search text: World",
        ),
        Err(
            "Could not find match for search text: Hello",
        ),
        Err(
            "Could not find match for search text: World",
        ),
        Err(
            "Could not find match for search text: Hello",
        ),
        Err(
            "Could not find match for search text: World",
        ),
        Err(
            "Could not find match for search text: Hello",
        ),
        Ok(
            "Start:  bar",
        ),
        Ok(
            "Start:  bar End",
        ),
        Ok(
            "Completely New Content",
        ),
    ],
}
