---
source: crates/forge_services/src/tool_service.rs
expression: result
snapshot_kind: text
---
<tool_result><tool_name>nonexistent_tool</tool_name><error><![CDATA[
ERROR:
Caused by: No tool with name 'nonexistent_tool' was found. Please try again with one of these tools 
]]></error></tool_result>
