---
source: crates/forge_tool/src/tool_service.rs
expression: "serde_json::to_string_pretty(&tools).unwrap()"
---
[
  {
    "name": "read_file",
    "description": "Request to read the contents of a file at the specified path. Use this when\n you need to examine the contents of an existing file you do not know the\n contents of, for example to analyze code, review text files, or extract\n information from configuration files. Automatically extracts raw text from\n PDF and DOCX files. May not be suitable for other types of binary files, as\n it returns the raw content as a string.\n\nParameters:\n- path (required): The path of the file to read (relative to the current working directory)",
    "input_schema": {
      "$schema": "http://json-schema.org/draft-07/schema#",
      "title": "FSReadInput",
      "type": "object",
      "required": [
        "path"
      ],
      "properties": {
        "path": {
          "description": "The path of the file to read (relative to the current working directory)",
          "type": "string"
        }
      }
    },
    "output_schema": {
      "$schema": "http://json-schema.org/draft-07/schema#",
      "title": "String",
      "type": "string"
    },
    "required_permissions": [
      "Read"
    ]
  },
  {
    "name": "write_file",
    "description": "Request to write content to a file at the specified path. If the file\n exists, it will be overwritten with the provided content. If the file\n doesn\\'t exist, it will be created. This tool will automatically create any\n directories needed to write the file.\n\nParameters:\n- content (required): The content to write to the file. ALWAYS provide the COMPLETE intended content of the file, without any truncation or omissions. You MUST include ALL parts of the file, even if they haven't been modified.\n- path (required): The path of the file to write to (relative to the current working directory)",
    "input_schema": {
      "$schema": "http://json-schema.org/draft-07/schema#",
      "title": "FSWriteInput",
      "type": "object",
      "required": [
        "content",
        "path"
      ],
      "properties": {
        "content": {
          "description": "The content to write to the file. ALWAYS provide the COMPLETE intended content of the file, without any truncation or omissions. You MUST include ALL parts of the file, even if they haven't been modified.",
          "type": "string"
        },
        "path": {
          "description": "The path of the file to write to (relative to the current working directory)",
          "type": "string"
        }
      }
    },
    "output_schema": {
      "$schema": "http://json-schema.org/draft-07/schema#",
      "title": "FSWriteOutput",
      "type": "object",
      "required": [
        "content",
        "path"
      ],
      "properties": {
        "content": {
          "type": "string"
        },
        "path": {
          "type": "string"
        },
        "syntax_checker": {
          "type": [
            "string",
            "null"
          ]
        }
      }
    },
    "required_permissions": [
      "Write"
    ]
  }
]
