---
source: crates/forge_tool/src/tool_engine.rs
expression: tool_str
snapshot_kind: text
---
{
  "name": "think",
  "description": "A framework for multi-step iterative reasoning and problem analysis that supports branching thoughts, revisions, and confidence tracking. Features thought history,  branching paths, adjustable complexity, and solution validation. Use to break down complex problems, maintain reasoning context, and explore alternative solutions.",
  "input_schema": {
    "$schema": "http://json-schema.org/draft-07/schema#",
    "title": "ThoughtData",
    "type": "object",
    "required": [
      "next_thought_needed",
      "thought",
      "thought_number",
      "total_thoughts"
    ],
    "properties": {
      "branch_from_thought": {
        "type": [
          "integer",
          "null"
        ],
        "format": "int32"
      },
      "branch_id": {
        "type": [
          "string",
          "null"
        ]
      },
      "is_revision": {
        "type": [
          "boolean",
          "null"
        ]
      },
      "needs_more_thoughts": {
        "type": [
          "boolean",
          "null"
        ]
      },
      "next_thought_needed": {
        "type": "boolean"
      },
      "revises_thought": {
        "type": [
          "integer",
          "null"
        ],
        "format": "int32"
      },
      "solution_confidence": {
        "type": [
          "number",
          "null"
        ],
        "format": "float"
      },
      "thought": {
        "type": "string"
      },
      "thought_number": {
        "type": "integer",
        "format": "int32"
      },
      "total_thoughts": {
        "type": "integer",
        "format": "int32"
      }
    }
  },
  "output_schema": {
    "$schema": "http://json-schema.org/draft-07/schema#",
    "title": "ThoughtResult",
    "type": "object",
    "required": [
      "branches",
      "next_thought_needed",
      "solution_confidence",
      "solution_reached",
      "thought_history_length",
      "thought_number",
      "total_thoughts"
    ],
    "properties": {
      "branches": {
        "type": "array",
        "items": {
          "type": "string"
        }
      },
      "next_thought_needed": {
        "type": "boolean"
      },
      "solution_confidence": {
        "type": "number",
        "format": "float"
      },
      "solution_reached": {
        "type": "boolean"
      },
      "thought_history_length": {
        "type": "integer",
        "format": "uint",
        "minimum": 0.0
      },
      "thought_number": {
        "type": "integer",
        "format": "int32"
      },
      "total_thoughts": {
        "type": "integer",
        "format": "int32"
      }
    }
  }
}
